=== Grav QA v1.0 ===
twice(21) = 42, sum = 10
Buddy (hp 100)
dog beats cat? true
point (10, 4)
chosen says woof
maybe sound: 
Ada's buddy: Rex (hp 100)
walk swim -> 1/1
frog is Walker & Swimmer: true true
cage size = 3, first = Buddy (hp 100)
tally = 3
ValueError: cage overfull (3)
Your name? 
hello, Ada!
next year: 8, Format.toBool("yes") = false
scratch = 99
roll d6: 2
rng touched: 1
array: len=3 first=2 has2=true
str: parts=3 join=a-b-c pad=007 rep=a/b
math: sqrt2=1.41421 floor=3 pow=256
stack: pop=2 peek=1 | queue: dq=x size=1
set: size=2 inter=1
map: ada=36 getOr=-1
random: in-range=true fixed=5
datetime: yearOk=true +1day=86400
file: read=grav size=4
path: base=z.txt dir=/x/y ext=.txt
process: echo=hi pid>0=true
births recorded = 4
pi as int = 3
argc = 3, arg0 = /tmp/grav_qa
